
> build
> npm run build --workspace @battlecity/client-ts


> @battlecity/client-ts@0.1.0 build
> vite build

vite v7.3.1 building client environment for production...
transforming...
✓ 876 modules transformed.
rendering chunks...
computing gzip size...
dist/index.html                              1.80 kB │ gzip:   0.82 kB
dist/assets/ThreeBattlefield-DcXG2Hd8.css   20.56 kB │ gzip:   5.37 kB
dist/assets/index-DREfEtG_.js                2.64 kB │ gzip:   1.35 kB
dist/assets/three-demo-DQuTdyPk.js           7.17 kB │ gzip:   3.09 kB
dist/assets/three-game-BaUTksfJ.js         270.03 kB │ gzip:  83.39 kB
dist/assets/ThreeBattlefield-UE1_c8xa.js   949.28 kB │ gzip: 264.03 kB

(!) Some chunks are larger than 500 kB after minification. Consider:
- Using dynamic import() to code-split the application
- Use build.rollupOptions.output.manualChunks to improve chunking: https://rollupjs.org/configuration-options/#output-manualchunks
- Adjust chunk size limit for this warning via build.chunkSizeWarningLimit.
✓ built in 5.33s
