
> build
> npm run build --workspace @battlecity/client-ts


> @battlecity/client-ts@0.1.0 build
> vite build

vite v7.3.1 building client environment for production...
transforming...
✓ 875 modules transformed.
rendering chunks...
computing gzip size...
dist/index.html                              1.80 kB │ gzip:   0.82 kB
dist/assets/ThreeBattlefield-DcXG2Hd8.css   20.56 kB │ gzip:   5.37 kB
dist/assets/index-CgyIvgie.js                2.64 kB │ gzip:   1.35 kB
dist/assets/three-demo-DkxLXne0.js           7.17 kB │ gzip:   3.09 kB
dist/assets/three-game-CO2OIaCX.js         270.03 kB │ gzip:  83.39 kB
dist/assets/ThreeBattlefield-CiOsreCw.js   950.78 kB │ gzip: 264.20 kB

(!) Some chunks are larger than 500 kB after minification. Consider:
- Using dynamic import() to code-split the application
- Use build.rollupOptions.output.manualChunks to improve chunking: https://rollupjs.org/configuration-options/#output-manualchunks
- Adjust chunk size limit for this warning via build.chunkSizeWarningLimit.
✓ built in 5.29s
