{
   "schemaVersion": 2,
   "mediaType": "application/vnd.oci.image.index.v1+json",
   "manifests": [
      {
         "mediaType": "application/vnd.oci.image.manifest.v1+json",
         "size": 3140,
         "digest": "sha256:1eda5654af003032f213266850473e169a544700e9c15dd92c7ab31731ada70e",
         "platform": {
            "architecture": "amd64",
            "os": "linux"
         }
      },
      {
         "mediaType": "application/vnd.oci.image.manifest.v1+json",
         "size": 838,
         "digest": "sha256:03817b0f97afbcd7e0ed60f86d2c35907ca37917263575a7e34e8fccbcccc695",
         "platform": {
            "architecture": "unknown",
            "os": "unknown"
         }
      }
   ]
}
{
   "schemaVersion": 2,
   "mediaType": "application/vnd.oci.image.index.v1+json",
   "manifests": [
      {
         "mediaType": "application/vnd.oci.image.manifest.v1+json",
         "size": 3140,
         "digest": "sha256:ef970885cfa8f25e47a1e06dbd199dcf44f28b6c9273872e40d9f11832f64972",
         "platform": {
            "architecture": "amd64",
            "os": "linux"
         }
      },
      {
         "mediaType": "application/vnd.oci.image.manifest.v1+json",
         "size": 838,
         "digest": "sha256:4bf811004e1d9f6d3fe6b6de0f6280f292a18af0abda7a700e82aaa0ad7d1214",
         "platform": {
            "architecture": "unknown",
            "os": "unknown"
         }
      }
   ]
}
{
   "schemaVersion": 2,
   "mediaType": "application/vnd.oci.image.index.v1+json",
   "manifests": [
      {
         "mediaType": "application/vnd.oci.image.manifest.v1+json",
         "size": 3140,
         "digest": "sha256:2a655718549c2ddeda301d1134a3f28e49e6414a08e91eb95ef8b4ebe9cc7faa",
         "platform": {
            "architecture": "amd64",
            "os": "linux"
         }
      },
      {
         "mediaType": "application/vnd.oci.image.manifest.v1+json",
         "size": 838,
         "digest": "sha256:ac6aa9202cbc78679e3fbb69a0f59e94455bcc465100b725f8b4e50d20050adc",
         "platform": {
            "architecture": "unknown",
            "os": "unknown"
         }
      }
   ]
}
