Untagged: ghcr.io/battlecity-remastered/battlecity-remastered:v1.1.2
Untagged: ghcr.io/battlecity-remastered/battlecity-remastered@sha256:7d1540d96204c4168f4262206878069c35b8892c34fcb5b7f00e7e73cab89b95
Deleted: sha256:45285d23759ebeb52f28e391d2a995d209d71b1bd6d441adb318796e7271301b
Deleted: sha256:eb6365c2034ce4ed478a91cc21a8d909138acb72e5d46d8b88c1fe5564af28e3
Deleted: sha256:650303722b4f1ce2910af0ca706a1a028a2198298ad47cb79313a12ce63ffaa9
Deleted: sha256:69806436a156c03c9f2853fb833831697c6a4318dd70be1c461e8b43fdf691ef
Deleted: sha256:74e005116691126081da381193abb7718bc3e23a97da888a2316fe751c6c2025
Deleted: sha256:686c6b501d768cbb667f5497fd4c6db67d12b6b07334710f6092173b29a5b5f2
Deleted: sha256:5f57d521bc4a6de95816f658050ca6f65ce7c4f63f02e95ee3513a8649410ee2
Deleted: sha256:36332bbad2cffbd2429c8731055fe3ffddb491550064d4c8b8eae4db1f5980ee
Deleted: sha256:b460ce123be2b0ae2069d1e38403ae1f6f76a9d6f72ce22d0c54b9159fd85afe
Deleted: sha256:4e94730a3bd624b82b60a98d6ce00a0b636b2e6631a50278cd91aff5d5112ce4
Deleted: sha256:06cefe4d48228e45f23645451464bfd1997fe5a9f9450bf5afe01b5e01f665b5
Deleted: sha256:31bfa7fe1bb99557a645fd44385751c4aff71d61110fbf02c6692a1c594ce802
Untagged: ghcr.io/battlecity-remastered/battlecity-remastered:v1.1.4
Untagged: ghcr.io/battlecity-remastered/battlecity-remastered@sha256:808598217dffcbd5c6bba2a2e924d27377822e1cc7f8a8bbffc5c6a0e89f2402
Deleted: sha256:9bd1c7856401db86d0c8c11a78def3ebbf78e4be8c84577474f248248d64a768
Deleted: sha256:0cb364bfaf759bdee590769476d554a428a0497b2922b42f47bc3b608cf3d9d6
Deleted: sha256:0b5185a33e4e5341d9428e818b22281a3a26cf8cee789794f9c7cfaf3dbaeec6
Deleted: sha256:7c569a36ee8f2548d2ca665749cef8891749b87ec31bab924482a90d97104107
Deleted: sha256:cde0b4ec0f2de05dcda9b0be102decce9566dfbc8a6a2aeec66d9bf03304d468
Deleted: sha256:f093a00c86ac260f52f53da51a3d386092f299f065387afcad914e7e16a72817
Deleted: sha256:6caac216be3e814f0cb4e881c4bd5ab47d9db75faf4a4ad6f999c6e4e9442798
Deleted: sha256:dfdd1ff1a5ec2b64e7b0ce15bf4176d5c5d6f9e585577bb3cb13381b5d8d05a5
Deleted: sha256:c0bf9c97dd1d81e99a1cf7556a0335aca8cd4b22a36aa7a2aeb1a5abdf686c2f
Deleted: sha256:c595f5e4196c2d7c712c9641f3fe2aaf0af1abe036ad9cdd308e445d4eca7a47
Deleted: sha256:628e93dac5d3050e49a0e1327c0263a95500f5865fef906d634663d2436616e7
Deleted: sha256:bc715d31ec19596cf279868c0ba241f01ebcc2a0ff35110ee0bdf3ebe553c79e
Untagged: ghcr.io/battlecity-remastered/battlecity-remastered:v1.1.5
Untagged: ghcr.io/battlecity-remastered/battlecity-remastered@sha256:6a737a85a0d615a22f9414f29e9b4b7fc55fc7ca0cdd97f071e99a399813f9a9
Deleted: sha256:7d3b636eb5901f13200fb6a4248f9f821b7928c8ad0da56ababe28b308a89a97
Deleted: sha256:75699aa10c0f757cd8dc16e23348c15df8ee76c3d6e9d2bc2cc11b75b071829c
Deleted: sha256:d57f4d5debd8b92b2e7f7ae2191af7277dda3f59cb8e99c0a1b07e1d7860f7d6
Deleted: sha256:04a39e23ea32cdf2f34744cf0bc6ba3d9e7757e6d2d5843db89399842b89fc5d
Deleted: sha256:eaef1c4dd31610c0e774c26732a148361698b28e9624e4e7d993b60feaf4b8ed
Deleted: sha256:0030c8f7f089ee1c0a332e73e9a7ed853d9de9ce8acdcb35613de93ff586c68c
Deleted: sha256:5e8475e360e28bfebfbc6be955f302a33be79defdae43702bb8fb4a206f525ea
Deleted: sha256:40983501c14bf0440b435c428fb97f880211bd95f0027ccb88143db85cedc42e
Deleted: sha256:0b1ee6a98b30fb2554628c799922f6078fa55780cf117b09f96b79e46d415be5
Deleted: sha256:ba90721bfaa5f6fdddc0d5d1470c4ad3e7a6681f6dbef25f86e997d19a25c192
Deleted: sha256:1e4e3a4c8b6b103fa379a6193f9eb0cc20a185096a35bea2ac5edb2ecafdeb63
Deleted: sha256:c6068b981281794c3c57f03d7705673a24945a0f31f58885e4296ddd29861c13
Filesystem      Size  Used Avail Use% Mounted on
/dev/root       6.8G  5.9G  847M  88% /
sha256:faac1beb6d12e376de7a01a5c2c536eade166e7f1e0ff9b2d213f8a9a0fc594b ["ghcr.io/battlecity-remastered/battlecity-remastered:v1.1.7"]
sha256:a1690e330af1abac587aa7f6052169a9ba1d1249b7b479217f7929c27d1c0f1a ["ghcr.io/battlecity-remastered/battlecity-remastered:v1.1.6"]
{"ok":true,"service":"server-ts"}