4.0K	/bin.usr-is-merged
4.0K	/lib.usr-is-merged
4.0K	/media
4.0K	/mnt
4.0K	/sbin.usr-is-merged
4.0K	/srv
16K	/lost+found
16K	/opt
24K	/snap
52K	/root
420K	/tmp
6.8M	/etc
546M	/home
2.5G	/var
2.9G	/usr
5.9G	/
2.5M	/var/backups
3.5M	/var/cache/apparmor
3.9M	/var/lib/command-not-found
4.4M	/var/cache/snapd
4.8M	/var/cache/debconf
5.6M	/var/lib/ubuntu-advantage
7.8M	/var/cache/swcatalog
8.0M	/var/log/sysstat
16M	/var/cache/fwupd
18M	/var/log/amazon
43M	/home/ubuntu/.npm
45M	/var/lib/dpkg
115M	/var/cache/apt
153M	/var/cache
216M	/var/lib/apt
244M	/home/ubuntu/.nvm
258M	/home/ubuntu/battlecity-js-remake
278M	/var/log/journal
311M	/var/log
453M	/var/lib/snapd
546M	/home
546M	/home/ubuntu
1.3G	/var/lib/docker
2.0G	/var/lib
2.5G	/var
Filesystem      Size  Used Avail Use% Mounted on
/dev/root       6.8G  5.9G  847M  88% /
