{
  "short": {
    "before": {
      "labels": [
        "p2-city-control-1-live",
        "p2-city-control-2-live",
        "p2-city-control-3-live"
      ],
      "fps": 24.39514717281311,
      "frameMs": {
        "samples": 1080,
        "mean": 40.991759259170955,
        "p50": 39.299999952316284,
        "p95": 52.200000047683716,
        "p99": 58.60000014305115,
        "worst": 306.10000014305115
      },
      "cpuMs": {
        "samples": 1080,
        "mean": 24.010000002825702,
        "p50": 22.5,
        "p95": 33.40000009536743,
        "p99": 42.200000047683716,
        "worst": 301.19999980926514
      },
      "gpuMs": {
        "samples": 1080,
        "mean": 35.43324565833336,
        "p50": 34.514166,
        "p95": 42.726916,
        "p99": 52.541333,
        "worst": 65.713166
      },
      "calls": {
        "samples": 1080,
        "mean": 877.1972222222222,
        "p50": 889,
        "p95": 927,
        "p99": 932,
        "worst": 934
      },
      "triangles": {
        "samples": 1080,
        "mean": 1592293.8277777778,
        "p50": 1636290,
        "p95": 1659972,
        "p99": 1661362,
        "worst": 1661410
      },
      "visible": {
        "samples": 1080,
        "mean": 242.46944444444443,
        "p50": 244,
        "p95": 256,
        "p99": 257,
        "worst": 257
      },
      "programs": [
        118,
        118,
        118
      ],
      "memory": [
        {
          "geometries": 216,
          "textures": 81
        },
        {
          "geometries": 216,
          "textures": 81
        },
        {
          "geometries": 216,
          "textures": 81
        }
      ],
      "gc": [
        {
          "events": 37,
          "totalMs": 38.272,
          "worstMs": 10.69
        },
        {
          "events": 37,
          "totalMs": 36.86399999999999,
          "worstMs": 8.693
        },
        {
          "events": 37,
          "totalMs": 34.771,
          "worstMs": 8.04
        }
      ],
      "arrivalCpuMs": {
        "samples": 3,
        "mean": 279.0333333015442,
        "p50": 285.2000000476837,
        "p95": 301.19999980926514,
        "p99": 301.19999980926514,
        "worst": 301.19999980926514
      }
    },
    "after": {
      "labels": [
        "p2-city-edge-cache-1-live",
        "p2-city-edge-cache-2-live",
        "p2-city-edge-cache-3-live"
      ],
      "fps": 24.133538915331503,
      "frameMs": {
        "samples": 1080,
        "mean": 41.43611111111111,
        "p50": 39.200000047683716,
        "p95": 56.59999990463257,
        "p99": 68.29999995231628,
        "worst": 139.40000009536743
      },
      "cpuMs": {
        "samples": 1080,
        "mean": 25.189537033328303,
        "p50": 22.59999990463257,
        "p95": 41.5,
        "p99": 56.10000014305115,
        "worst": 134.5
      },
      "gpuMs": {
        "samples": 1080,
        "mean": 35.77410102870369,
        "p50": 34.445999,
        "p95": 44.721999,
        "p99": 55.208749,
        "worst": 64.578666
      },
      "calls": {
        "samples": 1080,
        "mean": 877.1972222222222,
        "p50": 889,
        "p95": 927,
        "p99": 932,
        "worst": 934
      },
      "triangles": {
        "samples": 1080,
        "mean": 1592293.8277777778,
        "p50": 1636290,
        "p95": 1659972,
        "p99": 1661362,
        "worst": 1661410
      },
      "visible": {
        "samples": 1080,
        "mean": 242.46944444444443,
        "p50": 244,
        "p95": 256,
        "p99": 257,
        "worst": 257
      },
      "programs": [
        118,
        118,
        118
      ],
      "memory": [
        {
          "geometries": 216,
          "textures": 81
        },
        {
          "geometries": 216,
          "textures": 81
        },
        {
          "geometries": 216,
          "textures": 81
        }
      ],
      "gc": [
        {
          "events": 36,
          "totalMs": 41.86200000000001,
          "worstMs": 11.875
        },
        {
          "events": 36,
          "totalMs": 37.73900000000002,
          "worstMs": 9.258
        },
        {
          "events": 36,
          "totalMs": 76.284,
          "worstMs": 42.937
        }
      ],
      "arrivalCpuMs": {
        "samples": 3,
        "mean": 128.83333333333334,
        "p50": 126.09999990463257,
        "p95": 134.5,
        "p99": 134.5,
        "worst": 134.5
      }
    },
    "fpsChangePercent": -1.0723782710897245,
    "arrivalCpuReductionPercent": 53.82869429649595,
    "worstFrameReductionPercent": 54.45932700744169
  },
  "long": {
    "before": {
      "labels": [
        "p2-long-control-1-live",
        "p2-long-control-2-live"
      ],
      "fps": 24.729903089530257,
      "frameMs": {
        "samples": 1440,
        "mean": 40.43687500026491,
        "p50": 39,
        "p95": 51.299999952316284,
        "p99": 59.200000047683716,
        "worst": 275.7000000476837
      },
      "cpuMs": {
        "samples": 1440,
        "mean": 23.51333333104849,
        "p50": 21.699999809265137,
        "p95": 35.700000047683716,
        "p99": 43.299999952316284,
        "worst": 269.5
      },
      "gpuMs": {
        "samples": 1440,
        "mean": 35.17136681249998,
        "p50": 34.445833,
        "p95": 41.325666,
        "p99": 47.136583,
        "worst": 60.953
      },
      "calls": {
        "samples": 1440,
        "mean": 885.3319444444444,
        "p50": 884,
        "p95": 927,
        "p99": 934,
        "worst": 937
      },
      "triangles": {
        "samples": 1440,
        "mean": 1598801.3527777777,
        "p50": 1618260,
        "p95": 1659876,
        "p99": 1661362,
        "worst": 1661474
      },
      "visible": {
        "samples": 1440,
        "mean": 244.65277777777777,
        "p50": 243,
        "p95": 257,
        "p99": 258,
        "worst": 259
      },
      "programs": [
        118,
        118
      ],
      "memory": [
        {
          "geometries": 216,
          "textures": 81
        },
        {
          "geometries": 216,
          "textures": 81
        }
      ],
      "gc": [
        {
          "events": 64,
          "totalMs": 50.855000000000004,
          "worstMs": 8.07
        },
        {
          "events": 64,
          "totalMs": 69.78899999999997,
          "worstMs": 25.025
        }
      ],
      "arrivalCpuMs": {
        "samples": 2,
        "mean": 266.0500000715256,
        "p50": 262.60000014305115,
        "p95": 269.5,
        "p99": 269.5,
        "worst": 269.5
      }
    },
    "after": {
      "labels": [
        "p2-long-final-1-live",
        "p2-long-final-2-live"
      ],
      "fps": 24.55351814398692,
      "frameMs": {
        "samples": 1440,
        "mean": 40.72736111117734,
        "p50": 39.19999980926514,
        "p95": 52.60000014305115,
        "p99": 58.299999952316284,
        "worst": 142.79999995231628
      },
      "cpuMs": {
        "samples": 1440,
        "mean": 25.638611116343075,
        "p50": 22,
        "p95": 40.799999952316284,
        "p99": 46.60000014305115,
        "worst": 136.60000014305115
      },
      "gpuMs": {
        "samples": 1440,
        "mean": 35.33667855972216,
        "p50": 34.530583,
        "p95": 42.035416,
        "p99": 45.730833,
        "worst": 59.076666
      },
      "calls": {
        "samples": 1440,
        "mean": 885.3319444444444,
        "p50": 884,
        "p95": 927,
        "p99": 934,
        "worst": 937
      },
      "triangles": {
        "samples": 1440,
        "mean": 1598801.3527777777,
        "p50": 1618260,
        "p95": 1659876,
        "p99": 1661362,
        "worst": 1661474
      },
      "visible": {
        "samples": 1440,
        "mean": 244.65277777777777,
        "p50": 243,
        "p95": 257,
        "p99": 258,
        "worst": 259
      },
      "programs": [
        118,
        118
      ],
      "memory": [
        {
          "geometries": 216,
          "textures": 81
        },
        {
          "geometries": 216,
          "textures": 81
        }
      ],
      "gc": [
        {
          "events": 63,
          "totalMs": 75.04499999999999,
          "worstMs": 23.011
        },
        {
          "events": 62,
          "totalMs": 63.52199999999999,
          "worstMs": 12.105
        }
      ],
      "arrivalCpuMs": {
        "samples": 2,
        "mean": 122.85000014305115,
        "p50": 109.10000014305115,
        "p95": 136.60000014305115,
        "p99": 136.60000014305115,
        "worst": 136.60000014305115
      }
    },
    "fpsChangePercent": -0.7132455994864451,
    "arrivalCpuReductionPercent": 53.82446904340393,
    "worstFrameReductionPercent": 48.204570211237474
  }
}
