
> typecheck
> npm run rewrite:typecheck


> rewrite:typecheck
> npm run typecheck --workspace @battlecity/protocol && npm run typecheck --workspace @battlecity/sim-core && npm run typecheck --workspace @battlecity/server-ts && npm run typecheck --workspace @battlecity/client-ts


> @battlecity/protocol@0.1.0 typecheck
> tsc --noEmit -p tsconfig.json


> @battlecity/sim-core@0.1.0 typecheck
> tsc --noEmit -p tsconfig.json


> @battlecity/server-ts@0.1.0 typecheck
> tsc --noEmit -p tsconfig.json


> @battlecity/client-ts@0.1.0 typecheck
> tsc --noEmit -p tsconfig.json

src/performance/replay-combat.ts(17,21): error TS2345: Argument of type '{ readonly seq: number; readonly type: "lobby.join.request" | "lobby.leave.request" | "lobby.denied" | "lobby.released" | "lobby.snapshot" | "lobby.high_scores" | "player.update" | "player.health" | ... 120 more ... | "request_fire"; readonly ts: number; readonly version: string; readonly payload: unknown; }' is not assignable to parameter of type 'KnownTypedEventEnvelope'.
  Type '{ readonly seq: number; readonly type: "lobby.join.request" | "lobby.leave.request" | "lobby.denied" | "lobby.released" | "lobby.snapshot" | "lobby.high_scores" | "player.update" | "player.health" | ... 120 more ... | "request_fire"; readonly ts: number; readonly version: string; readonly payload: unknown; }' is not assignable to type 'Omit<{ readonly seq: number; readonly type: "lobby.join.request" | "lobby.leave.request" | "lobby.denied" | "lobby.released" | "lobby.snapshot" | "lobby.high_scores" | "player.update" | ... 121 more ... | "request_fire"; readonly ts: number; readonly version: string; readonly payload: unknown; }, "type" | "payload">...'.
    Type '{ readonly seq: number; readonly type: "lobby.join.request" | "lobby.leave.request" | "lobby.denied" | "lobby.released" | "lobby.snapshot" | "lobby.high_scores" | "player.update" | "player.health" | ... 120 more ... | "request_fire"; readonly ts: number; readonly version: string; readonly payload: unknown; }' is not assignable to type '{ type: "defense.remove"; payload: { readonly id: string; readonly reason: "cleared" | "city_orbed" | "destroyed"; }; }'.
      Types of property 'type' are incompatible.
        Type '"lobby.join.request" | "lobby.leave.request" | "lobby.denied" | "lobby.released" | "lobby.snapshot" | "lobby.high_scores" | "player.update" | "player.health" | "player.bot_damage" | ... 119 more ... | "request_fire"' is not assignable to type '"defense.remove"'.
          Type '"lobby.join.request"' is not assignable to type '"defense.remove"'.
src/performance/replay-combat.ts(22,17): error TS2345: Argument of type '{ readonly seq: number; readonly type: "lobby.join.request" | "lobby.leave.request" | "lobby.denied" | "lobby.released" | "lobby.snapshot" | "lobby.high_scores" | "player.update" | "player.health" | ... 120 more ... | "request_fire"; readonly ts: number; readonly version: string; readonly payload: unknown; }' is not assignable to parameter of type 'KnownTypedEventEnvelope'.
  Type '{ readonly seq: number; readonly type: "lobby.join.request" | "lobby.leave.request" | "lobby.denied" | "lobby.released" | "lobby.snapshot" | "lobby.high_scores" | "player.update" | "player.health" | ... 120 more ... | "request_fire"; readonly ts: number; readonly version: string; readonly payload: unknown; }' is not assignable to type 'Omit<{ readonly seq: number; readonly type: "lobby.join.request" | "lobby.leave.request" | "lobby.denied" | "lobby.released" | "lobby.snapshot" | "lobby.high_scores" | "player.update" | ... 121 more ... | "request_fire"; readonly ts: number; readonly version: string; readonly payload: unknown; }, "type" | "payload">...'.
    Type '{ readonly seq: number; readonly type: "lobby.join.request" | "lobby.leave.request" | "lobby.denied" | "lobby.released" | "lobby.snapshot" | "lobby.high_scores" | "player.update" | "player.health" | ... 120 more ... | "request_fire"; readonly ts: number; readonly version: string; readonly payload: unknown; }' is not assignable to type '{ type: "defense.remove"; payload: { readonly id: string; readonly reason: "cleared" | "city_orbed" | "destroyed"; }; }'.
      Types of property 'type' are incompatible.
        Type '"lobby.join.request" | "lobby.leave.request" | "lobby.denied" | "lobby.released" | "lobby.snapshot" | "lobby.high_scores" | "player.update" | "player.health" | "player.bot_damage" | ... 119 more ... | "request_fire"' is not assignable to type '"defense.remove"'.
          Type '"lobby.join.request"' is not assignable to type '"defense.remove"'.
npm error Lifecycle script `typecheck` failed with error:
npm error code 2
npm error path /home/alan/Workspace/alan/battlecity-remastered/apps/client-ts
npm error workspace @battlecity/client-ts@0.1.0
npm error location /home/alan/Workspace/alan/battlecity-remastered/apps/client-ts
npm error command failed
npm error command sh -c tsc --noEmit -p tsconfig.json
