
> build
> npm run build --workspace @battlecity/client-ts


> @battlecity/client-ts@0.1.0 build
> vite build

vite v7.3.1 building client environment for production...
transforming...
✓ 880 modules transformed.
rendering chunks...
computing gzip size...
dist/index.html                              1.80 kB │ gzip:   0.82 kB
dist/assets/ThreeBattlefield-DcXG2Hd8.css   20.56 kB │ gzip:   5.37 kB
dist/assets/index-t6vaQru_.js                2.64 kB │ gzip:   1.35 kB
dist/assets/three-demo-BN9o5Evn.js           7.17 kB │ gzip:   3.09 kB
dist/assets/three-game-oHoc1UZS.js         270.03 kB │ gzip:  83.39 kB
dist/assets/ThreeBattlefield-CEr43Yj0.js   955.38 kB │ gzip: 265.78 kB

(!) Some chunks are larger than 500 kB after minification. Consider:
- Using dynamic import() to code-split the application
- Use build.rollupOptions.output.manualChunks to improve chunking: https://rollupjs.org/configuration-options/#output-manualchunks
- Adjust chunk size limit for this warning via build.chunkSizeWarningLimit.
✓ built in 4.54s
