
> rewrite:event-inventory:strict
> node scripts/rewrite-event-inventory.mjs --strict

{
    "generatedAt": "2026-10-03T19:43:31.630Z",
    "summary": {
        "totalSocketEvents": 28,
        "totalProtocolEvents": 129,
        "missingInProtocol": 0,
        "protocolOnly": 101
    },
    "missingInProtocol": [],
    "protocolOnly": [
        "bot:debug",
        "bot:debug:defenders",
        "build.denied",
        "build:denied",
        "building.demolish.request",
        "building.place.request",
        "bullet.fire.request",
        "bullet_shot",
        "chat.history",
        "chat.message.request",
        "chat.rate_limit",
        "chat:history",
        "chat:message",
        "chat:rate_limit",
        "city.layout.import.request",
        "city.layout.result",
        "city:defenses",
        "city:defenses:clear",
        "city:finance",
        "city:info",
        "city:inspect",
        "city:layout:import",
        "city:orbed",
        "connect_error",
        "connected",
        "defense.deploy.request",
        "defense:deploy",
        "defense:remove",
        "defense:spawn",
        "defense:update",
        "demolish.denied",
        "demolish:denied",
        "demolish_building",
        "disconnected",
        "enter_game",
        "event.rejected",
        "event:rejected",
        "factory.collect.request",
        "factory:collect",
        "factory:purge",
        "hazard.deploy.request",
        "hazard:arm",
        "hazard:remove",
        "hazard:spawn",
        "hazard:update",
        "icon.pickup.confirmed",
        "icon.pickup.request",
        "icon:drop",
        "icon:drop:result",
        "icon:pickup",
        "icon:pickup:confirmed",
        "icon:pickup:rejected",
        "icon:pickup:result",
        "icon:remove",
        "identity:ack",
        "identity:update",
        "inventory.update",
        "inventory:update",
        "item.use.request",
        "item:use",
        "item:use:rejected",
        "latency:pong",
        "lobby.assignment",
        "lobby.denied",
        "lobby.join.request",
        "lobby.leave.request",
        "lobby:assignment",
        "lobby:denied",
        "lobby:evicted",
        "lobby:high_scores",
        "lobby:join:request",
        "lobby:leave",
        "lobby:refresh",
        "lobby:released",
        "lobby:snapshot",
        "lobby:update",
        "new_building",
        "new_icon",
        "orb.drop.request",
        "orb:drop",
        "orb:lost",
        "orb:result",
        "ping",
        "player",
        "player.bot_damage",
        "player.update",
        "player:bot_damage",
        "player:dead",
        "player:health",
        "player:rejected",
        "player:removed",
        "player:status",
        "players:snapshot",
        "pong",
        "population:update",
        "request_fire",
        "research.start.request",
        "research:update",
        "score.profile",
        "score:profile",
        "score:promotion"
    ]
}
