TAP version 13
# Subtest: enemy mayor defender loses hull on every laser hit and dies after four hits
not ok 1 - enemy mayor defender loses hull on every laser hit and dies after four hits
  ---
  duration_ms: 3.709314
  type: 'test'
  location: '/home/alan/Workspace/alan/battlecity-remastered/apps/server-ts/test/defender-combat.test.ts:1:501'
  failureType: 'testCodeFailure'
  error: |-
    Expected values to be strictly equal:
    
    0 !== 1
    
  code: 'ERR_ASSERTION'
  name: 'AssertionError'
  expected: 1
  actual: 0
  operator: 'strictEqual'
  stack: |-
    TestContext.<anonymous> (/home/alan/Workspace/alan/battlecity-remastered/apps/server-ts/test/defender-combat.test.ts:18:20)
    Test.runInAsyncScope (node:async_hooks:214:14)
    Test.run (node:internal/test_runner/test:1047:25)
    Test.start (node:internal/test_runner/test:944:17)
    startSubtestAfterBootstrap (node:internal/test_runner/harness:296:17)
  ...
# Subtest: enemy shooter defender loses hull on every laser hit and dies after four hits
not ok 2 - enemy shooter defender loses hull on every laser hit and dies after four hits
  ---
  duration_ms: 0.585268
  type: 'test'
  location: '/home/alan/Workspace/alan/battlecity-remastered/apps/server-ts/test/defender-combat.test.ts:1:501'
  failureType: 'testCodeFailure'
  error: |-
    Expected values to be strictly equal:
    
    0 !== 1
    
  code: 'ERR_ASSERTION'
  name: 'AssertionError'
  expected: 1
  actual: 0
  operator: 'strictEqual'
  stack: |-
    TestContext.<anonymous> (/home/alan/Workspace/alan/battlecity-remastered/apps/server-ts/test/defender-combat.test.ts:18:20)
    Test.runInAsyncScope (node:async_hooks:214:14)
    Test.run (node:internal/test_runner/test:1047:25)
    Test.processPendingSubtests (node:internal/test_runner/test:744:18)
    Test.postRun (node:internal/test_runner/test:1173:19)
    Test.run (node:internal/test_runner/test:1101:12)
    async startSubtestAfterBootstrap (node:internal/test_runner/harness:296:3)
  ...
# Subtest: enemy bomb_defuser defender loses hull on every laser hit and dies after four hits
not ok 3 - enemy bomb_defuser defender loses hull on every laser hit and dies after four hits
  ---
  duration_ms: 0.35887
  type: 'test'
  location: '/home/alan/Workspace/alan/battlecity-remastered/apps/server-ts/test/defender-combat.test.ts:1:501'
  failureType: 'testCodeFailure'
  error: |-
    Expected values to be strictly equal:
    
    0 !== 1
    
  code: 'ERR_ASSERTION'
  name: 'AssertionError'
  expected: 1
  actual: 0
  operator: 'strictEqual'
  stack: |-
    TestContext.<anonymous> (/home/alan/Workspace/alan/battlecity-remastered/apps/server-ts/test/defender-combat.test.ts:18:20)
    Test.runInAsyncScope (node:async_hooks:214:14)
    Test.run (node:internal/test_runner/test:1047:25)
    Test.processPendingSubtests (node:internal/test_runner/test:744:18)
    Test.postRun (node:internal/test_runner/test:1173:19)
    Test.run (node:internal/test_runner/test:1101:12)
    async Test.processPendingSubtests (node:internal/test_runner/test:744:7)
  ...
# Subtest: enemy miner defender loses hull on every laser hit and dies after four hits
not ok 4 - enemy miner defender loses hull on every laser hit and dies after four hits
  ---
  duration_ms: 0.290295
  type: 'test'
  location: '/home/alan/Workspace/alan/battlecity-remastered/apps/server-ts/test/defender-combat.test.ts:1:501'
  failureType: 'testCodeFailure'
  error: |-
    Expected values to be strictly equal:
    
    0 !== 1
    
  code: 'ERR_ASSERTION'
  name: 'AssertionError'
  expected: 1
  actual: 0
  operator: 'strictEqual'
  stack: |-
    TestContext.<anonymous> (/home/alan/Workspace/alan/battlecity-remastered/apps/server-ts/test/defender-combat.test.ts:18:20)
    Test.runInAsyncScope (node:async_hooks:214:14)
    Test.run (node:internal/test_runner/test:1047:25)
    Test.processPendingSubtests (node:internal/test_runner/test:744:18)
    Test.postRun (node:internal/test_runner/test:1173:19)
    Test.run (node:internal/test_runner/test:1101:12)
    async Test.processPendingSubtests (node:internal/test_runner/test:744:7)
  ...
1..4
# tests 4
# suites 0
# pass 0
# fail 4
# cancelled 0
# skipped 0
# todo 0
# duration_ms 982.45994
