TAP version 13
# Subtest: enemy mayor defender loses hull on every laser hit and dies after four hits
ok 1 - enemy mayor defender loses hull on every laser hit and dies after four hits
  ---
  duration_ms: 3.350169
  type: 'test'
  ...
# Subtest: enemy shooter defender loses hull on every laser hit and dies after four hits
ok 2 - enemy shooter defender loses hull on every laser hit and dies after four hits
  ---
  duration_ms: 0.586959
  type: 'test'
  ...
# Subtest: enemy bomb_defuser defender loses hull on every laser hit and dies after four hits
ok 3 - enemy bomb_defuser defender loses hull on every laser hit and dies after four hits
  ---
  duration_ms: 0.56011
  type: 'test'
  ...
# Subtest: enemy miner defender loses hull on every laser hit and dies after four hits
ok 4 - enemy miner defender loses hull on every laser hit and dies after four hits
  ---
  duration_ms: 0.300659
  type: 'test'
  ...
1..4
# tests 4
# suites 0
# pass 4
# fail 0
# cancelled 0
# skipped 0
# todo 0
# duration_ms 1102.401643
