TAP version 13
# Subtest: apps/server-ts/test/ai-opponents.test.ts
ok 1 - apps/server-ts/test/ai-opponents.test.ts
  ---
  duration_ms: 7932.044707
  type: 'test'
  ...
# Subtest: apps/server-ts/test/game-runtime.test.ts
ok 2 - apps/server-ts/test/game-runtime.test.ts
  ---
  duration_ms: 1430.896508
  type: 'test'
  ...
# Subtest: apps/server-ts/test/gameplay-regressions.test.ts
ok 3 - apps/server-ts/test/gameplay-regressions.test.ts
  ---
  duration_ms: 1143.868461
  type: 'test'
  ...
# Subtest: apps/server-ts/test/rogue-waves.test.ts
ok 4 - apps/server-ts/test/rogue-waves.test.ts
  ---
  duration_ms: 1162.66179
  type: 'test'
  ...
1..4
# tests 4
# suites 0
# pass 4
# fail 0
# cancelled 0
# skipped 0
# todo 0
# duration_ms 7946.6715
