Filesystem      Size  Used Avail Use% Mounted on
/dev/root       6.8G  6.3G  407M  95% /
v1.1.7: Pulling from battlecity-remastered/battlecity-remastered
6a0ac1617861: Already exists
4feea04c1543: Already exists
b2cbbfe903b0: Already exists
fff4e2c1b189: Already exists
4347e5e1b814: Pulling fs layer
7c84ea3a88ee: Pulling fs layer
7d1d04edf3a1: Pulling fs layer
d1da0f2fa15e: Pulling fs layer
de466bb3d4c4: Pulling fs layer
6d09e617e491: Pulling fs layer
fecb289d89e6: Pulling fs layer
9134cf6c8b03: Pulling fs layer
8dcc4bacd539: Pulling fs layer
563f0f9314fb: Pulling fs layer
ec287791d804: Pulling fs layer
d1da0f2fa15e: Waiting
de466bb3d4c4: Waiting
6d09e617e491: Waiting
fecb289d89e6: Waiting
9134cf6c8b03: Waiting
8dcc4bacd539: Waiting
563f0f9314fb: Waiting
ec287791d804: Waiting
7d1d04edf3a1: Verifying Checksum
7d1d04edf3a1: Download complete
4347e5e1b814: Verifying Checksum
4347e5e1b814: Download complete
7c84ea3a88ee: Verifying Checksum
7c84ea3a88ee: Download complete
4347e5e1b814: Pull complete
7c84ea3a88ee: Pull complete
7d1d04edf3a1: Pull complete
d1da0f2fa15e: Verifying Checksum
d1da0f2fa15e: Download complete
de466bb3d4c4: Verifying Checksum
de466bb3d4c4: Download complete
d1da0f2fa15e: Pull complete
6d09e617e491: Verifying Checksum
6d09e617e491: Download complete
de466bb3d4c4: Pull complete
6d09e617e491: Pull complete
fecb289d89e6: Verifying Checksum
fecb289d89e6: Download complete
9134cf6c8b03: Verifying Checksum
9134cf6c8b03: Download complete
fecb289d89e6: Pull complete
9134cf6c8b03: Pull complete
ec287791d804: Verifying Checksum
ec287791d804: Download complete
8dcc4bacd539: Download complete
563f0f9314fb: Verifying Checksum
563f0f9314fb: Download complete
8dcc4bacd539: Pull complete
563f0f9314fb: Pull complete
ec287791d804: Pull complete
Digest: sha256:b3c7e6d341abfee4320a2ea000d43b1b557b038b7b3575c58c8fc79a91431529
Status: Downloaded newer image for ghcr.io/battlecity-remastered/battlecity-remastered:v1.1.7
ghcr.io/battlecity-remastered/battlecity-remastered:v1.1.7
