353M	/var/cache
313M	/var/log
4.0K	/var/mail
16K	/var/spool
4.0K	/var/local
64K	/var/tmp
2.6G	/var/lib
4.0K	/var/opt
52K	/var/snap
2.5M	/var/backups
4.0K	/var/crash
12K	/var/www
3.2G	/var
43M	/home/ubuntu/.npm
258M	/home/ubuntu/battlecity-js-remake
8.0K	/home/ubuntu/.ssh
8.0K	/home/ubuntu/.config
12K	/home/ubuntu/.local
4.0K	/home/ubuntu/.cache
244M	/home/ubuntu/.nvm
1.6M	/home/ubuntu/battlecity-backups
546M	/home/ubuntu
473M	/usr/share
351M	/usr/src
33M	/usr/include
467M	/usr/bin
100K	/usr/local
1.4G	/usr/lib
241M	/usr/libexec
4.0K	/usr/games
4.0K	/usr/lib64
33M	/usr/sbin
2.9G	/usr
315M	/var/cache/apt
43M	/home/ubuntu/.npm
278M	/var/log/journal
