
> rewrite:maintainability:strict
> node scripts/rewrite-maintainability-report.mjs --strict

{
    "generatedAt": "2026-10-03T20:15:29.783Z",
    "summary": {
        "files": 278,
        "maxFileLines": 544,
        "maxFunctionLines": 88,
        "fileLimitExceeded": 0,
        "functionLimitExceeded": 0
    },
    "thresholds": {
        "maxFileLines": 320,
        "maxFunctionLines": 90
    },
    "worstFiles": [
        {
            "file": "apps/client-ts/src/render/three/ThreeBattlefield.ts",
            "fileLines": 282,
            "functionCount": 40,
            "maxFunctionLines": 88
        },
        {
            "file": "apps/client-ts/src/render/three/inventory-radar.ts",
            "fileLines": 144,
            "functionCount": 19,
            "maxFunctionLines": 85
        },
        {
            "file": "apps/client-ts/src/ui/lobby/LobbyManager.ts",
            "fileLines": 217,
            "functionCount": 19,
            "maxFunctionLines": 84
        },
        {
            "file": "apps/client-ts/src/ui/map/MapModal.ts",
            "fileLines": 370,
            "functionCount": 20,
            "maxFunctionLines": 83
        },
        {
            "file": "apps/client-ts/src/app/state.ts",
            "fileLines": 197,
            "functionCount": 6,
            "maxFunctionLines": 83
        },
        {
            "file": "apps/client-ts/src/render/three/cannon-effects.ts",
            "fileLines": 277,
            "functionCount": 24,
            "maxFunctionLines": 82
        },
        {
            "file": "apps/client-ts/src/render/three/inventory-panel.ts",
            "fileLines": 211,
            "functionCount": 35,
            "maxFunctionLines": 82
        },
        {
            "file": "apps/server-ts/src/domain/fake-cities/fake-city-spawn.ts",
            "fileLines": 303,
            "functionCount": 20,
            "maxFunctionLines": 76
        },
        {
            "file": "apps/server-ts/src/domain/bots/BotShared.ts",
            "fileLines": 511,
            "functionCount": 22,
            "maxFunctionLines": 72
        },
        {
            "file": "apps/server-ts/src/domain/icons/IconDropService.ts",
            "fileLines": 170,
            "functionCount": 4,
            "maxFunctionLines": 72
        },
        {
            "file": "apps/client-ts/src/render/three/battlefield-frame.ts",
            "fileLines": 283,
            "functionCount": 15,
            "maxFunctionLines": 71
        },
        {
            "file": "apps/client-ts/src/render/three/research-display.ts",
            "fileLines": 180,
            "functionCount": 15,
            "maxFunctionLines": 71
        },
        {
            "file": "apps/client-ts/src/render/three/terrain.ts",
            "fileLines": 248,
            "functionCount": 19,
            "maxFunctionLines": 70
        },
        {
            "file": "apps/server-ts/src/domain/orb/OrbService.ts",
            "fileLines": 209,
            "functionCount": 8,
            "maxFunctionLines": 70
        },
        {
            "file": "apps/client-ts/src/app/snapshot-reconciliation.ts",
            "fileLines": 283,
            "functionCount": 9,
            "maxFunctionLines": 69
        },
        {
            "file": "apps/server-ts/src/domain/hazards/hazard-deploy.ts",
            "fileLines": 135,
            "functionCount": 4,
            "maxFunctionLines": 69
        },
        {
            "file": "apps/server-ts/src/runtime/bullet-runtime.ts",
            "fileLines": 470,
            "functionCount": 20,
            "maxFunctionLines": 67
        },
        {
            "file": "apps/server-ts/src/domain/bots/RogueBotService.ts",
            "fileLines": 274,
            "functionCount": 8,
            "maxFunctionLines": 63
        },
        {
            "file": "apps/server-ts/src/runtime/join-hydration.ts",
            "fileLines": 123,
            "functionCount": 4,
            "maxFunctionLines": 62
        },
        {
            "file": "apps/server-ts/src/domain/defense/DefenseService.ts",
            "fileLines": 157,
            "functionCount": 9,
            "maxFunctionLines": 58
        }
    ],
    "violations": {
        "files": [],
        "functions": []
    }
}
